00:46:23 **** Incremental Build of configuration Debug for project PC_STM ****
make -j12 all 
arm-none-eabi-gcc "../Core/Src/main.c" -mcpu=cortex-m4 -std=gnu11 -g3 -DDEBUG -DUSE_HAL_DRIVER -DSTM32F303xE -c -I../Core/Inc -I../Drivers/STM32F3xx_HAL_Driver/Inc/Legacy -I../Drivers/STM32F3xx_HAL_Driver/Inc -I../Drivers/CMSIS/Device/ST/STM32F3xx/Include -I../Drivers/CMSIS/Include -O0 -ffunction-sections -fdata-sections -Wall -fstack-usage -fcyclomatic-complexity -MMD -MP -MF"Core/Src/main.d" -MT"Core/Src/main.o" --specs=nano.specs -mfpu=fpv4-sp-d16 -mfloat-abi=hard -mthumb -o "Core/Src/main.o"
../Core/Src/main.c: In function 'main':
../Core/Src/main.c:42:8: warning: implicit declaration of function 'strncmp' [-Wimplicit-function-declaration]
   42 |     if(strncmp((char*)rx_buffer, "hola", 4) == 0)
      |        ^~~~~~~
../Core/Src/main.c:2:1: note: include '<string.h>' or provide a declaration of 'strncmp'
    1 | #include "main.h"
  +++ |+#include <string.h>
    2 | 
../Core/Src/main.c:42:42: warning: 'strncmp' argument 3 type is 'int' where 'unsigned int' is expected in a call to built-in function declared without prototype [-Wbuiltin-declaration-mismatch]
   42 |     if(strncmp((char*)rx_buffer, "hola", 4) == 0)
      |                                          ^
<built-in>: note: built-in 'strncmp' declared here
arm-none-eabi-gcc -o "PC_STM.elf" @"objects.list"   -mcpu=cortex-m4 -T"C:\Users\artur\STM32CubeIDE\workspace_1.16.0\TAREA_GONZALO\PC_STM\STM32F303RETX_FLASH.ld" --specs=nosys.specs -Wl,-Map="PC_STM.map" -Wl,--gc-sections -static --specs=nano.specs -mfpu=fpv4-sp-d16 -mfloat-abi=hard -mthumb -Wl,--start-group -lc -lm -Wl,--end-group
Finished building target: PC_STM.elf
 
arm-none-eabi-size  PC_STM.elf 
arm-none-eabi-objdump -h -S PC_STM.elf  > "PC_STM.list"
   text	   data	    bss	    dec	    hex	filename
  13140	     12	   1716	  14868	   3a14	PC_STM.elf
Finished building: default.size.stdout
 
Finished building: PC_STM.list
 

00:46:24 Build Finished. 0 errors, 2 warnings. (took 877ms)

